[LastNames]
Abakumov
Akmet-khan
Alelyukhin
Amosova
Arkhipenko
Babak
Babonin
Bakhayev
Bashman
Belousov
Berelidze
Bogdanov
Boitsov
Bokatz
Boytzow
Chourkin
Chubkob
Danilov
Dmitryuk
Dokashenko
Dolgikh
Fedorets
Fedutenko
Filimonow
Gerasimenko
Ges
Glinka
Gnido
Golubev
Gordelianow
Gulaev
Gul'tyaev
Gulyayev
Hvostontsev
Ivanov
Karelin
Kashlin
Kirilyuk
Klubov
Kochegarov
Korniyenko
Kostilev
Kozhedub
Kramarenko
Kubarev
Kuzmishchev
Lepikov
Likhobabiyi
Litvyak
Lobov
Luganskii
Meklin
Mihin
Milaushkin
Moscalenko
Naumenko
Nikolayev
Nikulin
Obraztsov
Ohay
Olenitsa
Oskin
Pamyatnykh
Pepelyaev
Pochitalkin
Pokryshkin
Pomaz
Ponomaryov
Popkov
Prudnikov
Pulov
Rechkalov
Reshetov
Samaoylov
Schukin
Sheberotov
Shelamanov
Shestakov
Shkodin
Siskov
Skomorokhov
Smirnov
Smortzkow
Stepanenko
Subbotin
Suprun
Sutyagin
Sutzkow
Ul'yanenko
Veshnyakov
Vishnyakov
Voistinnych
Vorozheikin
Yevstigneev
Zabelin
Zakharov
Zalevtskiy
Zameskin
Zaplavnev
Zhigulenko

[MaleFirstNames]
Aleksandr
Aleksei
Alexander
Alexandr
Alexey
Alexsandr
Anatoli
Anatoly
Andrei
Andrew
Andrey
Anton
Anzor
Arkady
Artyom
Ashot
Boris
Dmitri
Dmitry
Donat
Eduard
Ernst
Evgeni
Fedor
Fedya
Fiodor
Gavriil
Georgy
German
Grigori
Grigory
Igor
Ilya
Imant
Iosef
Iosif
Ivan
Joseph
Juri
Khoren
Kirill
Klim
Konstantin
Lavrenti
Leonid
Lev
Marat
Matus
Mikhail
Mitrofan
Moisei
Nicolai
Nikaev
Nikita
Nikolai
Nikolay
Oleg
Pavel
Peotr
Pete
Petr
Pyotr
Revaz
Rinat
Rodion
Roman
Sabirzhan
Sasha
Semyon
Serafim
Sergei
Sergey
Sergi
Shota
Stepan
Sultan
Takhtar
Tengiz
Timofei
Umar
Vadim
Vagiz
Valdemar
Valentin
Valeri
Valery
Vasili
Vasily
Viacheslav
Victor
Viktor
Vitali
Vladimir
Vsevolod
Vyacheslav
Yakov
Yevgeni
Yevgraph
Yuri
Zhora

[FemaleFirstNames]